;;; Generated by gactar test
;;;           on 0001-01-01 @ 00:00:00
;;;   https://github.com/asmaloney/gactar

;;; *** NOTE: This is a generated file. Any changes may be overwritten.

(clear-all)

(define-model vanilla_Empty

(sgp
	:esc t
	:trace-detail medium
)


;; initialize our declarative memory
(add-dm
)

(goal-focus goal)
)
