;;; Generated by gactar test
;;;           on 0001-01-01 @ 00:00:00
;;;   https://github.com/asmaloney/gactar

;;; *** NOTE: This is a generated file. Any changes may be overwritten.

;;; This model is based on the ccm u1_semantic.py tutorial.

(clear-all)

(define-model vanilla_semantic

(sgp
	:esc t
	:trace-detail high
	:act t
)

;; amod line 28
(chunk-type isMember object category judgment)
;; amod line 29
(chunk-type property object attribute value)

;; initialize our declarative memory
(add-dm
 ;; amod line 36
 (fact_0
	isa			property
	object		"shark"
	attribute	"dangerous"
	value		"true"
 )
 ;; amod line 37
 (fact_1
	isa			property
	object		"shark"
	attribute	"locomotion"
	value		"swimming"
 )
 ;; amod line 38
 (fact_2
	isa			property
	object		"shark"
	attribute	"category"
	value		"fish"
 )
 ;; amod line 39
 (fact_3
	isa			property
	object		"fish"
	attribute	"category"
	value		"animal"
 )
 ;; amod line 40
 (fact_4
	isa			property
	object		"bird"
	attribute	"category"
	value		"animal"
 )
 ;; amod line 41
 (fact_5
	isa			property
	object		"canary"
	attribute	"category"
	value		"bird"
 )
 ;; amod line 45
 (goal
	isa			isMember
	object		"shark"
	category	"animal"
	judgment	empty
 )
)

;; amod line 49
(P initialRetrieval
	"Starting point - first production to match"
	=goal>
		isa			isMember
		object		=obj
		judgment	empty
	==>
	=goal>
		isa			isMember
		judgment	"pending"
	+retrieval>
		isa			property
		object		=obj
		attribute	"category"
)

;; amod line 65
(P directVerify
	=goal>
		isa			isMember
		object		=obj
		category	=cat
		judgment	"pending"
	=retrieval>
		isa			property
		object		=obj
		attribute	"category"
		value		=cat
	==>
	=goal>
		isa			isMember
		judgment	"yes"
	!output!	("Yes")
	!stop!
)

;; amod line 77
(P chainCategory
	=goal>
		isa			isMember
		object		=obj1
		category	=cat
		judgment	"pending"
	=retrieval>
		isa			property
		object		=obj1
		attribute	"category"
		value		=obj2
		- value		=cat
	==>
	=goal>
		isa		isMember
		object	=obj2
	+retrieval>
		isa			property
		object		=obj2
		attribute	"category"
)

;; amod line 88
(P fail
	=goal>
		isa			isMember
		judgment	"pending"
	?retrieval>
		state error
	==>
	=goal>
		isa			isMember
		judgment	"no"
	!output!	("No")
	!stop!
)

(goal-focus goal)
)
