"""
Generated by gactar test
          https://github.com/asmaloney/gactar
          on 0001-01-01 @ 00:00:00

NOTE: This is a generated file. Any changes may be overwritten.
"""

import pyactr as actr

pyactr_Empty = actr.ACTRModel(
    subsymbolic=True,
    # baselevel_learning defaults to true in pyactr, so set it to false which is the default in ACT-R
    baselevel_learning=False,
)


memory = pyactr_Empty.decmem

# finst defaults to 0 in pyactr, so set it to 4 which is the default in ACT-R
pyactr_Empty.retrieval.finst = 4

goal = pyactr_Empty.set_goal('goal')



# Main
if __name__ == '__main__':
    sim = pyactr_Empty.simulation( gui=False )
    sim.run()
    if goal.test_buffer('full'):
        print('chunk left in goal: ' + str(goal.pop()))
    if pyactr_Empty.retrieval.test_buffer('full'):
        print('chunk left in retrieval: ' + str(pyactr_Empty.retrieval.pop()))
