"""
Generated by gactar test
          https://github.com/asmaloney/gactar
          on 0001-01-01 @ 00:00:00

NOTE: This is a generated file. Any changes may be overwritten.
"""

from python_actr import ACTR, Buffer, Memory


class ccm_Empty(ACTR):
    retrieval = Buffer()
    goal = Buffer()

    memory = Memory(retrieval)

    def __init__(self):
        super().__init__(log=True)



if __name__ == "__main__":
    model = ccm_Empty()
    model.run()
