"""
This model is based on the ccm u1_semantic.py tutorial.

Generated by gactar test
          https://github.com/asmaloney/gactar
          on 0001-01-01 @ 00:00:00

NOTE: This is a generated file. Any changes may be overwritten.
"""

from python_actr import ACTR, Buffer, Memory
from python_actr import log, log_everything

from ccm_print import CCMPrint


class ccm_semantic(ACTR):
    retrieval = Buffer()
    goal = Buffer()

    memory = Memory(retrieval)

    # create a printer helper and register chunks with their slots for lookup
    printer = CCMPrint()
    printer.register_chunk("isMember", ["object", "category", "judgment"])
    printer.register_chunk("property", ["object", "attribute", "value"])

    def init():
        # amod line 36
        memory.add('property shark dangerous true')
        # amod line 37
        memory.add('property shark locomotion swimming')
        # amod line 38
        memory.add('property shark category fish')
        # amod line 39
        memory.add('property fish category animal')
        # amod line 40
        memory.add('property bird category animal')
        # amod line 41
        memory.add('property canary category bird')
        # amod line 45
        goal.set('isMember shark animal None')

    # Starting point - first production to match
    # amod line 49
    def initialRetrieval(goal='isMember ?obj ? None'):
        goal.modify(_3='pending')
        memory.request('property ?obj category ?')

    # amod line 65
    def directVerify(goal='isMember ?obj ?cat pending', retrieval='property ?obj category ?cat'):
        goal.modify(_3='yes')
        print('Yes', sep='')
        self.stop()

    # amod line 77
    def chainCategory(goal='isMember ?obj1 ?cat pending', retrieval='property ?obj1 category ?obj2!?cat'):
        goal.modify(_1=obj2)
        memory.request('property ?obj2 category ?')

    # amod line 88
    def fail(goal='isMember ? ? pending', memory='error:True'):
        goal.modify(_3='no')
        print('No', sep='')
        self.stop()


if __name__ == "__main__":
    model = ccm_semantic()
    log(summary=1)
    log_everything(model)
    model.run()
